1. type cd. Команда cd - это встроиная команда она работает внутри сессии bash

2. Какая альтернатива без pipe команде grep <some_string> <some_file> | wc -l
  wc -l используется для подсчета количества строк в файле
  выведите количество совпадающих строк
  grep <some_string> <some_file> -c выведет количество совпавших срок
  
3. pstree -p
  systemd(1)
  
4. la -l test123 2>/dev/pts/1
  vagrant  pts/0        2022-07-07 15:05 (10.0.2.2)
  vagrant  pts/1        2022-07-07 15:17 (10.0.2.2)
  
5. cat < 123.txt > 321.txt
-bash: 123.txt: No such file or directory
vagrant@vagrant:~$ cat 321.txt
cat: 321.txt: No such file or directory

6. В графическом режиме сочетанием клавиш Ctrl + Alt + F3 запустил новую сессию,
командой who увидел её и передал в неё команду echo
echo Hello tty3 >/dev/tty/3. В tty3 увидел вывод Hello tty3

7. bash 5>&1 Создастся дескриптор fd 5 и перенаправиться в stdout, echo netology > /proc/$$/fd/5 выведет "netology", 
   а в новой сессии будет ошибка -bash: /proc/3487/fd/5: No such file or directory
   
8. vagrant@vagrant:~$ ls -l 123 7>&2 2>&1 1>&7 | grep dir
   ls: cannot access '123': No such file or directory
   
9. Команда cat /proc/$$/environ выведет переменные окружения этот же результат посмотрим командой env

10. /proc/[pid]/cmdline - Этот файл доступен только для чтения, содержит полный путь для процесса,
если только процесс не является зомби. В последнем случае в этом файле ничего нет: то есть чтение этого файла вернет 0 символов. 
/proc/<PID>/exe - этот файл представляет собой символическую ссылку, содержащую фактический путь к выполняемой команде

11. Наиболее старшая версия sse 4.2
grep sse /proc/cpuinfo

12. По умолчанию для ssh tty не выделяется
man ssh -t принудительное выделение псевдотерминалов
vagrant@vagrant:~$ ssh -t localhost 'tty'
vagrant@localhost's password:

13. Была ошибка /proc/sys/kernel/yama/ptrace_scope решилось sysctl -w kernel.yama.ptrace_scope=0
Запустил ping -c 5 8.8.8.8 сразу остановил его ctrl + z затем
vagrant@vagrant:~$ jobs -l
[1]+  2013 Stopped                 ping -c 5 8.8.8.8
vagrant@vagrant:~$ screen
vagrant@vagrant:~$ reptyr 2013
vagrant@vagrant:~$ 64 bytes from 8.8.8.8: icmp_seq=2 ttl=106 time=19.5 ms

14. tee нужна для записи вывода любой команды в один или несколько файлов.
  Работает т.к. команда запущена с sudo







